---
source: src/agent/docker_tool_executor.rs
expression: ls.to_string()
---
.
..
.dockerignore
.git
.gitignore
Cargo.lock
Cargo.toml
Dockerfile
bacon.toml
compose.yml
kwaak.toml
src
typos.toml
